<?php
namespace Vendor\Site\Presentation\Headline;

/*
 * This file is part of the Vendor.Site package.
 */

use Neos\Flow\Annotations as Flow;

/**
 * @Flow\Proxy(false)
 */
final class HeadlineType
{
    const TYPE_H1 = 'H1';
    const TYPE_H2 = 'H2';
    const TYPE_DIV = 'DIV';

    /**
     * @var string
     */
    private $value;

    private function __construct(string $value)
    {
        $this->value = $value;
    }

    public static function fromString(string $string): self
    {
        if (!in_array($string, self::getValues())) {
            throw HeadlineTypeIsInvalid::becauseItMustBeOneOfTheDefinedConstants($string);
        }

        return new self($string);
    }

    public static function H1(): self
    {
        return new self(self::TYPE_H1);
    }

    public static function H2(): self
    {
        return new self(self::TYPE_H2);
    }

    public static function DIV(): self
    {
        return new self(self::TYPE_DIV);
    }

    public function getIsH1(): bool
    {
        return $this->value === self::TYPE_H1;
    }

    public function getIsH2(): bool
    {
        return $this->value === self::TYPE_H2;
    }

    public function getIsDIV(): bool
    {
        return $this->value === self::TYPE_DIV;
    }

    /**
     * @return array|string[]
     */
    public static function getValues(): array
    {
        return [
            self::TYPE_H1,
            self::TYPE_H2,
            self::TYPE_DIV
        ];
    }

    public function getValue(): string
    {
        return $this->value;
    }

    public function __toString(): string
    {
        return $this->value;
    }
}
