<?php
namespace Vendor\Default\Presentation\Crossing;

/*
 * This file is part of the Vendor.Default package.
 */

use Neos\Flow\Annotations as Flow;

/**
 * @Flow\Proxy(false)
 */
final class TrafficLightIsInvalid extends \DomainException
{
    public static function becauseItMustBeOneOfTheDefinedConstants(int $attemptedValue): self
    {
        return new self('The given value "' . $attemptedValue . '" is no valid TrafficLight, must be one of the defined constants. ', 1602423895);
    }
}
