<?php

/*
 * This file is part of the Vendor.Default package.
 */

declare(strict_types=1);

namespace Vendor\Default\Presentation\Component\Crossing;

use Neos\Eel\ProtectedContextAwareInterface;

enum TrafficLight:int implements ProtectedContextAwareInterface
{
    case LIGHT_RED = 1;
    case LIGHT_YELLOW = 2;
    case LIGHT_GREEN = 3;

    public function equals(int $other): bool
    {
        return $this === self::from($other);
    }

    public function allowsCallOfMethod($methodName): bool
    {
        return true;
    }
}
