prototype(Vendor.Site:Component.WithGenericText) < prototype(PackageFactory.AtomicFusion.PresentationObjects:PresentationObjectComponent) {
    @presentationObjectInterface = 'Vendor\\Site\\Presentation\\WithGenericText\\WithGenericTextInterface'

    @styleguide {
        title = 'WithGenericText'

        props {
            texts {
            }
        }
    }

    renderer = afx`<dl>
        <dt>texts:</dt>
        <dd>
            <Neos.Fusion:Loop items={presentationObject.texts}>
                <Vendor.Site:Component.Text presentationObject={item} />
            </Neos.Fusion:Loop>
        </dd>
    </dl>`
}
