prototype(Vendor.Site:FancyComponent.NewText) < prototype(PackageFactory.AtomicFusion.PresentationObjects:PresentationObjectComponent) {
    @presentationObjectInterface = 'Vendor\\Site\\Presentation\\FancyComponent\\NewText\\NewTextInterface'

    @styleguide {
        title = 'NewText'

        props {
            text = 'Text'
        }
    }

    renderer = afx`<dl>
        <dt>text:</dt>
        <dd>{presentationObject.text}</dd>
    </dl>`
}
