<?php

/*
 * This file is part of the Vendor.Site package.
 */

declare(strict_types=1);

namespace Vendor\Site\Presentation\Component\NewText;

use Neos\Flow\Annotations as Flow;

/**
 * @implements \IteratorAggregate<NewText>
 */
#[Flow\Proxy(false)]
final readonly class NewTexts implements \IteratorAggregate, \Countable
{
    /**
     * @var array<NewText>
     */
    private array $newTexts;

    public function __construct(NewText ...$newTexts)
    {
        $this->newTexts = $newTexts;
    }

    /**
     * @return \Iterator<NewText>
     */
    public function getIterator(): \Iterator
    {
        return new \ArrayIterator($this->newTexts);
    }

    public function count(): int
    {
        return count($this->newTexts);
    }
}
