<?php
namespace Vendor\Site\Presentation\Image;

/*
 * This file is part of the Vendor.Site package.
 */

use PackageFactory\AtomicFusion\PresentationObjects\Fusion\ComponentPresentationObjectInterface;
use ImageSourceHelperInterface;

interface ImageInterface extends ComponentPresentationObjectInterface
{
    public function getSrc(): ImageSourceHelperInterface;

    public function getAlt(): string;

    public function getTitle(): ?string;
}
