prototype(Vendor.Site:Component.Card) < prototype(PackageFactory.AtomicFusion.PresentationObjects:PresentationObjectComponent) {
    @presentationObjectInterface = 'Vendor\\Site\\Presentation\\Component\\Card\\Card'

    @styleguide {
        title = 'Card'

        props {
            image = Sitegeist.Kaleidoscope:DummyImageSource {
                height = 1920
                width = 1080
            }
            text {
                0 {
                    text = 'Text'
                }
                1 {
                    text = 'Text'
                }
            }
            link {
                uri = 'https://www.neos.io'
                title = 'Text'
            }
        }
    }

    renderer = afx`
        <div>[Card]</div>
        <dl>
            <dt>image:</dt>
            <dd>
                <Sitegeist.Kaleidoscope:Image imageSource={presentationObject.image} @if={presentationObject.image} />
            </dd>
            <dt>text:</dt>
            <dd>
                <Neos.Fusion:Loop items={presentationObject.text}>
                    <Vendor.Shared:Component.Text presentationObject={item} />
                </Neos.Fusion:Loop>
            </dd>
            <dt>link:</dt>
            <dd>
                <Vendor.Site:Component.Link presentationObject={presentationObject.link} @if={presentationObject.link} />
            </dd>
        </dl>
    `
}
