Neos:
  Fusion:
    defaultContext:
      Site.Headline: Vendor\Site\Presentation\Headline\HeadlineFactory
