<?php
namespace Vendor\Site\Presentation\Even\FancierComponent\NewText;

/*
 * This file is part of the Vendor.Site package.
 */

use PackageFactory\AtomicFusion\PresentationObjects\Fusion\ComponentPresentationObjectInterface;

interface NewTextInterface extends ComponentPresentationObjectInterface
{
    public function getText(): ?string;
}
