<?php

/*
 * This file is part of the Vendor.Site package.
 */

declare(strict_types=1);

namespace Vendor\Site\Presentation\Component\NewText;

use PackageFactory\AtomicFusion\PresentationObjects\Fusion\AbstractComponentPresentationObjectFactory;

final class NewTextFactory extends AbstractComponentPresentationObjectFactory
{
}
