Neos:
  Fusion:
    defaultContext:
      Site.Image: Vendor\Site\Presentation\Image\ImageFactory
