<?php declare(strict_types=1);
namespace Vendor\Site\Presentation\Component\ColocatedText;

/*
 * This file is part of the Vendor.Site package.
 */

use PackageFactory\AtomicFusion\PresentationObjects\Fusion\AbstractComponentPresentationObjectFactory;

final class ColocatedTextFactory extends AbstractComponentPresentationObjectFactory
{
}
