<?php

/*
 * This file is part of the Vendor.Site package.
 */

declare(strict_types=1);

namespace Vendor\Site\Presentation\Component\Image;

use Neos\Flow\Annotations as Flow;
use PackageFactory\AtomicFusion\PresentationObjects\Fusion\AbstractComponentPresentationObject;
use Sitegeist\Kaleidoscope\Domain\ImageSourceInterface;

#[Flow\Proxy(false)]
final readonly class Image extends AbstractComponentPresentationObject
{
    public function __construct(
        public ImageSourceInterface $src,
        public string $alt,
        public ?string $title
    ) {
    }
}
