<?php

/*
 * This file is part of the Vendor.Site package.
 */

declare(strict_types=1);

namespace Vendor\Site\Presentation\Even\FancierComponent\NewText;

use Neos\Flow\Annotations as Flow;
use PackageFactory\AtomicFusion\PresentationObjects\Fusion\AbstractComponentPresentationObject;

#[Flow\Proxy(false)]
final class NewText extends AbstractComponentPresentationObject
{
    public function __construct(
        public readonly ?string $text
    ) {
    }
}
