prototype(Vendor.Site:Component.ColocatedText) < prototype(PackageFactory.AtomicFusion.PresentationObjects:PresentationObjectComponent) {
    @presentationObjectInterface = 'Vendor\\Site\\Presentation\\Component\\ColocatedText\\ColocatedText'

    @styleguide {
        title = 'ColocatedText'

        props {
            content = 'Text'
        }
    }

    renderer = afx`
        <div>[ColocatedText]</div>
        <dl>
            <dt>content:</dt>
            <dd>{presentationObject.content}</dd>
        </dl>
    `
}
