prototype(Vendor.Site:Leaf.Link) < prototype(PackageFactory.AtomicFusion.PresentationObjects:PresentationObjectComponent) {
    @presentationObjectInterface = 'Vendor\\Site\\Presentation\\Link\\LinkInterface'

    @styleguide {
        title = 'Link'

        props {
            href = 'https://neos.io'
            title = 'Text'
        }
    }

    renderer = afx`<dl>
        <dt>href:</dt>
        <dd>{presentationObject.href}</dd>
        <dt>title:</dt>
        <dd>{presentationObject.title}</dd>
    </dl>`
}
