<?php declare(strict_types=1);
namespace Vendor\Site\Presentation\Component\NewText;

/*
 * This file is part of the Vendor.Site package.
 */

use Neos\Flow\Annotations as Flow;

/**
 * @Flow\Proxy(false)
 * @implements \IteratorAggregate<int,NewTextInterface>
 */
final class NewTexts implements \IteratorAggregate, \Countable
{
    /**
     * @var array<int,NewTextInterface>|NewTextInterface[]
     */
    private array $newTexts;

    /**
     * @param array<int,NewTextInterface> $array
     */
    public function __construct($array)
    {
        foreach ($array as $element) {
            if (!$element instanceof NewTextInterface) {
                throw new \InvalidArgumentException(self::class . ' can only consist of ' . NewTextInterface::class);
            }
        }
        $this->newTexts = $array;
    }

    /**
     * @return \ArrayIterator<int,NewTextInterface>|NewTextInterface[]
     */
    public function getIterator(): \ArrayIterator
    {
        return new \ArrayIterator($this->newTexts);
    }

    public function count(): int
    {
        return count($this->newTexts);
    }
}
