prototype(Vendor.Default:Leaf.Text) < prototype(PackageFactory.AtomicFusion.PresentationObjects:PresentationObjectComponent) {
    @presentationObjectInterface = 'Vendor\\Default\\Presentation\\Text\\TextInterface'

    @styleguide {
        title = 'Text'

        props {
            content = 'Text'
        }
    }

    renderer = afx`<dl>
        <dt>content:</dt>
        <dd>{presentationObject.content}</dd>
    </dl>`
}
