prototype(Vendor.Site:Component.NewText) < prototype(PackageFactory.AtomicFusion.PresentationObjects:PresentationObjectComponent) {
    @presentationObjectInterface = 'Vendor\\Site\\Presentation\\Component\\NewText\\NewText'

    @styleguide {
        title = 'NewText'

        props {
            content = 'Text'
        }
    }

    renderer = afx`
        <div>[NewText]</div>
        <dl>
            <dt>content:</dt>
            <dd>{presentationObject.content}</dd>
        </dl>
    `
}
