Neos:
  Fusion:
    defaultContext:
      Site.WithGenericText: Vendor\Site\Presentation\WithGenericText\WithGenericTextFactory
