<?php declare(strict_types=1);
namespace Vendor\Site\Presentation\Component\NewText;

/*
 * This file is part of the Vendor.Site package.
 */

use Neos\Flow\Annotations as Flow;
use PackageFactory\AtomicFusion\PresentationObjects\Fusion\AbstractComponentPresentationObject;

/**
 * @Flow\Proxy(false)
 */
final class NewText extends AbstractComponentPresentationObject implements NewTextInterface
{
    private string $content;

    public function __construct(
        string $content
    ) {
        $this->content = $content;
    }

    public function getContent(): string
    {
        return $this->content;
    }
}
