Neos:
  Fusion:
    defaultContext:
      Site.Card: Vendor\Site\Presentation\Card\CardFactory
