Neos:
  Fusion:
    defaultContext:
      Site.Component.NewText: Vendor\Site\Presentation\Component\NewText\NewTextFactory
