Neos:
  Fusion:
    defaultContext:
      Site.Link: Vendor\Site\Presentation\Link\LinkFactory
