<?php declare(strict_types=1);
namespace Vendor\Site\Presentation\Component\NewText;

/*
 * This file is part of the Vendor.Site package.
 */

use PackageFactory\AtomicFusion\PresentationObjects\Fusion\ComponentPresentationObjectInterface;

interface NewTextInterface extends ComponentPresentationObjectInterface
{
    public function getContent(): string;
}
