<?php

/*
 * This file is part of the Vendor.Site package.
 */

declare(strict_types=1);

namespace Vendor\Site\Presentation\Component\ColocatedText;

use Neos\Flow\Annotations as Flow;
use PackageFactory\AtomicFusion\PresentationObjects\Fusion\AbstractComponentPresentationObject;

#[Flow\Proxy(false)]
final readonly class ColocatedText extends AbstractComponentPresentationObject
{
    public function __construct(
        public string $content
    ) {
    }
}
