<?php

/*
 * This file is part of the Vendor.Site package.
 */

declare(strict_types=1);

namespace Vendor\Site\Presentation\Component\WithTextArray;

use Neos\Flow\Annotations as Flow;
use PackageFactory\AtomicFusion\PresentationObjects\Fusion\AbstractComponentPresentationObject;
use Vendor\Site\Presentation\Component\Text\Texts;

#[Flow\Proxy(false)]
final readonly class WithTextArray extends AbstractComponentPresentationObject
{
    public function __construct(
        public Texts $texts
    ) {
    }
}
