Neos:
  Fusion:
    defaultContext:
      Existing.Helper: Some\OtherPackage\Existing\HelperFactory
      Default.Text: Vendor\Default\Presentation\Text\TextFactory
