prototype(Vendor.Site:Composite.Card) < prototype(PackageFactory.AtomicFusion.PresentationObjects:PresentationObjectComponent) {
    @presentationObjectInterface = 'Vendor\\Site\\Presentation\\Card\\CardInterface'

    @styleguide {
        title = 'Card'

        props {
            image {
            }
            text {
            }
            link {
            }
        }
    }

    renderer = afx`<dl>
        <dt>image:</dt>
        <dd><Vendor.Site:Leaf.Image presentationObject={presentationObject.image} @if.isToBeRendered={presentationObject.image} /></dd>
        <dt>text:</dt>
        <dd><Vendor.Site:Leaf.Text presentationObject={presentationObject.text} @if.isToBeRendered={presentationObject.text} /></dd>
        <dt>link:</dt>
        <dd><Vendor.Site:Leaf.Link presentationObject={presentationObject.link} @if.isToBeRendered={presentationObject.link} /></dd>
    </dl>`
}
