<?php
namespace Vendor\Site\Presentation\Card;

/*
 * This file is part of the Vendor.Site package.
 */

use PackageFactory\AtomicFusion\PresentationObjects\Fusion\ComponentPresentationObjectInterface;
use Image;
use Text;
use Link;

interface CardInterface extends ComponentPresentationObjectInterface
{
    public function getImage(): ?Image;

    public function getText(): ?Text;

    public function getLink(): ?Link;
}
