Neos:
  Fusion:
    defaultContext:
      Site.WithTextArray: Vendor\Site\Presentation\Component\WithTextArray\WithTextArrayFactory
