<?php

/*
 * This file is part of the Vendor.Default package.
 */

declare(strict_types=1);

namespace Vendor\Default\Presentation\Component\NewText;

use PackageFactory\AtomicFusion\PresentationObjects\Fusion\AbstractComponentPresentationObjectFactory;

final class NewTextFactory extends AbstractComponentPresentationObjectFactory
{
}
