<?php
namespace Vendor\Site\Presentation\Card;

/*
 * This file is part of the Vendor.Site package.
 */

use PackageFactory\AtomicFusion\PresentationObjects\Fusion\AbstractComponentPresentationObjectFactory;

final class CardFactory extends AbstractComponentPresentationObjectFactory
{
}
