<?php declare(strict_types=1);
namespace Vendor\Site\Presentation\Component\Card;

/*
 * This file is part of the Vendor.Site package.
 */

use PackageFactory\AtomicFusion\PresentationObjects\Fusion\ComponentPresentationObjectInterface;
use Sitegeist\Kaleidoscope\EelHelpers\ImageSourceHelperInterface;
use Vendor\Shared\Presentation\Custom\Type\Text\TextInterface;
use Vendor\Site\Presentation\Component\Link\LinkInterface;

interface CardInterface extends ComponentPresentationObjectInterface
{
    public function getImage(): ?ImageSourceHelperInterface;

    public function getText(): ?TextInterface;

    public function getLink(): ?LinkInterface;
}
