<?php

/*
 * This file is part of the Vendor.Site package.
 */

declare(strict_types=1);

namespace Vendor\Site\Presentation\Component\Card;

use Neos\Flow\Annotations as Flow;
use PackageFactory\AtomicFusion\PresentationObjects\Fusion\AbstractComponentPresentationObject;
use Sitegeist\Kaleidoscope\Domain\ImageSourceInterface;
use Vendor\Shared\Presentation\Component\Text\Text;
use Vendor\Site\Presentation\Component\Link\Link;

#[Flow\Proxy(false)]
final class Card extends AbstractComponentPresentationObject
{
    public function __construct(
        public readonly ?ImageSourceInterface $image,
        public readonly ?Text $text,
        public readonly ?Link $link
    ) {
    }
}
